<?xml version="1.0" encoding="ISO-8859-1" ?>
<link_info>
   <banner>TMS320C2000 Linker Unix v22.6.2.LTS</banner>
   <copyright>Copyright (c) 1996-2018 Texas Instruments Incorporated</copyright>
   <link_time>0x699361fb</link_time>
   <link_errors>0x0</link_errors>
   <output_file>launchxl_ex1_f280039c_demo.out</output_file>
   <entry_point>
      <name>code_start</name>
      <address>0x80000</address>
   </entry_point>
   <input_file_list>
      <input_file id="fl-1">
         <path>./</path>
         <kind>object</kind>
         <file>launchxl_ex1_sci_io_driverlib.obj</file>
         <name>launchxl_ex1_sci_io_driverlib.obj</name>
      </input_file>
      <input_file id="fl-2">
         <path>./</path>
         <kind>object</kind>
         <file>main.obj</file>
         <name>main.obj</name>
      </input_file>
      <input_file id="fl-3">
         <path>./device/</path>
         <kind>object</kind>
         <file>device.obj</file>
         <name>device.obj</name>
      </input_file>
      <input_file id="fl-4">
         <path>./device/</path>
         <kind>object</kind>
         <file>f28003x_codestartbranch.obj</file>
         <name>f28003x_codestartbranch.obj</name>
      </input_file>
      <input_file id="fl-9">
         <kind>object</kind>
         <file>&lt;internal&gt;</file>
         <name>&lt;internal&gt;</name>
      </input_file>
      <input_file id="fl-a">
         <path>/tmp/c2000ware-core-sdk/driverlib/f28003x/driverlib/ccs/Debug/</path>
         <kind>archive</kind>
         <file>driverlib.lib</file>
         <name>dcc.obj</name>
      </input_file>
      <input_file id="fl-b">
         <path>/tmp/c2000ware-core-sdk/driverlib/f28003x/driverlib/ccs/Debug/</path>
         <kind>archive</kind>
         <file>driverlib.lib</file>
         <name>flash.obj</name>
      </input_file>
      <input_file id="fl-c">
         <path>/tmp/c2000ware-core-sdk/driverlib/f28003x/driverlib/ccs/Debug/</path>
         <kind>archive</kind>
         <file>driverlib.lib</file>
         <name>gpio.obj</name>
      </input_file>
      <input_file id="fl-d">
         <path>/tmp/c2000ware-core-sdk/driverlib/f28003x/driverlib/ccs/Debug/</path>
         <kind>archive</kind>
         <file>driverlib.lib</file>
         <name>interrupt.obj</name>
      </input_file>
      <input_file id="fl-e">
         <path>/tmp/c2000ware-core-sdk/driverlib/f28003x/driverlib/ccs/Debug/</path>
         <kind>archive</kind>
         <file>driverlib.lib</file>
         <name>sci.obj</name>
      </input_file>
      <input_file id="fl-f">
         <path>/tmp/c2000ware-core-sdk/driverlib/f28003x/driverlib/ccs/Debug/</path>
         <kind>archive</kind>
         <file>driverlib.lib</file>
         <name>sysctl.obj</name>
      </input_file>
      <input_file id="fl-1b">
         <path>/opt/ti/ccs/tools/compiler/ti-cgt-c2000_22.6.2.LTS/lib/</path>
         <kind>archive</kind>
         <file>rts2800_fpu32_eabi.lib</file>
         <name>boot28.asm.obj</name>
      </input_file>
      <input_file id="fl-1c">
         <path>/opt/ti/ccs/tools/compiler/ti-cgt-c2000_22.6.2.LTS/lib/</path>
         <kind>archive</kind>
         <file>rts2800_fpu32_eabi.lib</file>
         <name>fs_div28.asm.obj</name>
      </input_file>
      <input_file id="fl-1d">
         <path>/opt/ti/ccs/tools/compiler/ti-cgt-c2000_22.6.2.LTS/lib/</path>
         <kind>archive</kind>
         <file>rts2800_fpu32_eabi.lib</file>
         <name>memcpy.c.obj</name>
      </input_file>
      <input_file id="fl-1e">
         <path>/opt/ti/ccs/tools/compiler/ti-cgt-c2000_22.6.2.LTS/lib/</path>
         <kind>archive</kind>
         <file>rts2800_fpu32_eabi.lib</file>
         <name>pre_init.c.obj</name>
      </input_file>
      <input_file id="fl-1f">
         <path>/opt/ti/ccs/tools/compiler/ti-cgt-c2000_22.6.2.LTS/lib/</path>
         <kind>archive</kind>
         <file>rts2800_fpu32_eabi.lib</file>
         <name>autoinit.c.obj</name>
      </input_file>
      <input_file id="fl-20">
         <path>/opt/ti/ccs/tools/compiler/ti-cgt-c2000_22.6.2.LTS/lib/</path>
         <kind>archive</kind>
         <file>rts2800_fpu32_eabi.lib</file>
         <name>copy_zero_init.c.obj</name>
      </input_file>
      <input_file id="fl-21">
         <path>/opt/ti/ccs/tools/compiler/ti-cgt-c2000_22.6.2.LTS/lib/</path>
         <kind>archive</kind>
         <file>rts2800_fpu32_eabi.lib</file>
         <name>copy_decompress_none.c.obj</name>
      </input_file>
      <input_file id="fl-22">
         <path>/opt/ti/ccs/tools/compiler/ti-cgt-c2000_22.6.2.LTS/lib/</path>
         <kind>archive</kind>
         <file>rts2800_fpu32_eabi.lib</file>
         <name>copy_decompress_lzss.c.obj</name>
      </input_file>
      <input_file id="fl-23">
         <path>/opt/ti/ccs/tools/compiler/ti-cgt-c2000_22.6.2.LTS/lib/</path>
         <kind>archive</kind>
         <file>rts2800_fpu32_eabi.lib</file>
         <name>exit.c.obj</name>
      </input_file>
      <input_file id="fl-24">
         <path>/opt/ti/ccs/tools/compiler/ti-cgt-c2000_22.6.2.LTS/lib/</path>
         <kind>archive</kind>
         <file>rts2800_fpu32_eabi.lib</file>
         <name>_lock.c.obj</name>
      </input_file>
      <input_file id="fl-25">
         <path>/opt/ti/ccs/tools/compiler/ti-cgt-c2000_22.6.2.LTS/lib/</path>
         <kind>archive</kind>
         <file>rts2800_fpu32_eabi.lib</file>
         <name>args_main.c.obj</name>
      </input_file>
      <input_file id="fl-26">
         <path>/opt/ti/ccs/tools/compiler/ti-cgt-c2000_22.6.2.LTS/lib/</path>
         <kind>archive</kind>
         <file>rts2800_fpu32_eabi.lib</file>
         <name>memset.c.obj</name>
      </input_file>
      <input_file id="fl-27">
         <path>/opt/ti/ccs/tools/compiler/ti-cgt-c2000_22.6.2.LTS/lib/</path>
         <kind>archive</kind>
         <file>rts2800_fpu32_eabi.lib</file>
         <name>cpy_tbl.c.obj</name>
      </input_file>
      <input_file id="fl-28">
         <path>/opt/ti/ccs/tools/compiler/ti-cgt-c2000_22.6.2.LTS/lib/</path>
         <kind>archive</kind>
         <file>rts2800_fpu32_eabi.lib</file>
         <name>startup.c.obj</name>
      </input_file>
   </input_file_list>
   <object_component_list>
      <object_component id="oc-22">
         <name>codestart</name>
         <load_address>0x80000</load_address>
         <run_address>0x80000</run_address>
         <size>0x2</size>
         <input_file_ref idref="fl-4"/>
      </object_component>
      <object_component id="oc-194">
         <name>.text:SysCtl_setClock</name>
         <load_address>0x82000</load_address>
         <run_address>0x82000</run_address>
         <size>0x123</size>
         <input_file_ref idref="fl-f"/>
      </object_component>
      <object_component id="oc-279">
         <name>.text:SysCtl_isPLLValid</name>
         <load_address>0x82123</load_address>
         <run_address>0x82123</run_address>
         <size>0xfe</size>
         <input_file_ref idref="fl-f"/>
      </object_component>
      <object_component id="oc-d2">
         <name>.text:main</name>
         <load_address>0x82221</load_address>
         <run_address>0x82221</run_address>
         <size>0xe7</size>
         <input_file_ref idref="fl-2"/>
      </object_component>
      <object_component id="oc-1b3">
         <name>.text:Device_enableAllPeripherals</name>
         <load_address>0x82308</load_address>
         <run_address>0x82308</run_address>
         <size>0xce</size>
         <input_file_ref idref="fl-3"/>
      </object_component>
      <object_component id="oc-2d0">
         <name>.text</name>
         <load_address>0x823d6</load_address>
         <run_address>0x823d6</run_address>
         <size>0x88</size>
         <input_file_ref idref="fl-1c"/>
      </object_component>
      <object_component id="oc-305">
         <name>.text:DCC_setCounterSeeds</name>
         <load_address>0x8245e</load_address>
         <run_address>0x8245e</run_address>
         <size>0x73</size>
         <input_file_ref idref="fl-f"/>
      </object_component>
      <object_component id="oc-1bf">
         <name>.text:GPIO_setAnalogMode</name>
         <load_address>0x824d1</load_address>
         <run_address>0x824d1</run_address>
         <size>0x6a</size>
         <input_file_ref idref="fl-c"/>
      </object_component>
      <object_component id="oc-1a0">
         <name>.text:SysCtl_getClock</name>
         <load_address>0x8253b</load_address>
         <run_address>0x8253b</run_address>
         <size>0x65</size>
         <input_file_ref idref="fl-f"/>
      </object_component>
      <object_component id="oc-112">
         <name>.text:GPIO_setPadConfig</name>
         <load_address>0x825a0</load_address>
         <run_address>0x825a0</run_address>
         <size>0x52</size>
         <input_file_ref idref="fl-c"/>
      </object_component>
      <object_component id="oc-fa">
         <name>.text:Device_init</name>
         <load_address>0x825f2</load_address>
         <run_address>0x825f2</run_address>
         <size>0x51</size>
         <input_file_ref idref="fl-3"/>
      </object_component>
      <object_component id="oc-26d">
         <name>.text:SysCtl_selectOscSource</name>
         <load_address>0x82643</load_address>
         <run_address>0x82643</run_address>
         <size>0x4d</size>
         <input_file_ref idref="fl-f"/>
      </object_component>
      <object_component id="oc-2c2">
         <name>.text:SysCtl_selectXTAL</name>
         <load_address>0x82690</load_address>
         <run_address>0x82690</run_address>
         <size>0x46</size>
         <input_file_ref idref="fl-f"/>
      </object_component>
      <object_component id="oc-142">
         <name>.text:SCI_clearInterruptStatus</name>
         <load_address>0x826d6</load_address>
         <run_address>0x826d6</run_address>
         <size>0x45</size>
         <input_file_ref idref="fl-e"/>
      </object_component>
      <object_component id="oc-31f">
         <name>.text:SysCtl_pollX1Counter</name>
         <load_address>0x8271b</load_address>
         <run_address>0x8271b</run_address>
         <size>0x45</size>
         <input_file_ref idref="fl-f"/>
      </object_component>
      <object_component id="oc-209">
         <name>.text:SCI_writeCharArray</name>
         <load_address>0x82760</load_address>
         <run_address>0x82760</run_address>
         <size>0x41</size>
         <input_file_ref idref="fl-e"/>
      </object_component>
      <object_component id="oc-15b">
         <name>.text:sci_putu32</name>
         <load_address>0x827a1</load_address>
         <run_address>0x827a1</run_address>
         <size>0x41</size>
         <input_file_ref idref="fl-2"/>
      </object_component>
      <object_component id="oc-12a">
         <name>.text:SCI_setConfig</name>
         <load_address>0x827e2</load_address>
         <run_address>0x827e2</run_address>
         <size>0x3e</size>
         <input_file_ref idref="fl-e"/>
      </object_component>
      <object_component id="oc-11e">
         <name>.text:Interrupt_initModule</name>
         <load_address>0x82820</load_address>
         <run_address>0x82820</run_address>
         <size>0x3d</size>
         <input_file_ref idref="fl-d"/>
      </object_component>
      <object_component id="oc-106">
         <name>.text:GPIO_setPinConfig</name>
         <load_address>0x8285d</load_address>
         <run_address>0x8285d</run_address>
         <size>0x37</size>
         <input_file_ref idref="fl-c"/>
      </object_component>
      <object_component id="oc-118">
         <name>.text:GPIO_setQualificationMode</name>
         <load_address>0x82894</load_address>
         <run_address>0x82894</run_address>
         <size>0x37</size>
         <input_file_ref idref="fl-c"/>
      </object_component>
      <object_component id="oc-10c">
         <name>.text:GPIO_setDirectionMode</name>
         <load_address>0x828cb</load_address>
         <run_address>0x828cb</run_address>
         <size>0x31</size>
         <input_file_ref idref="fl-c"/>
      </object_component>
      <object_component id="oc-15">
         <name>.text:decompress:lzss</name>
         <load_address>0x828fc</load_address>
         <run_address>0x828fc</run_address>
         <size>0x2e</size>
         <input_file_ref idref="fl-22"/>
      </object_component>
      <object_component id="oc-a2">
         <name>.text:__TI_auto_init_nobinit_nopinit</name>
         <load_address>0x8292a</load_address>
         <run_address>0x8292a</run_address>
         <size>0x2b</size>
         <input_file_ref idref="fl-1f"/>
      </object_component>
      <object_component id="oc-96">
         <name>.text</name>
         <load_address>0x82955</load_address>
         <run_address>0x82955</run_address>
         <size>0x29</size>
         <input_file_ref idref="fl-23"/>
      </object_component>
      <object_component id="oc-2c8">
         <name>.text:SysCtl_selectXTALSingleEnded</name>
         <load_address>0x8297e</load_address>
         <run_address>0x8297e</run_address>
         <size>0x25</size>
         <input_file_ref idref="fl-f"/>
      </object_component>
      <object_component id="oc-30b">
         <name>.text:DCC_enableSingleShotMode</name>
         <load_address>0x829a3</load_address>
         <run_address>0x829a3</run_address>
         <size>0x24</size>
         <input_file_ref idref="fl-f"/>
      </object_component>
      <object_component id="oc-29f">
         <name>.text:SCI_isFIFOEnabled</name>
         <load_address>0x829c7</load_address>
         <run_address>0x829c7</run_address>
         <size>0x20</size>
         <input_file_ref idref="fl-e"/>
      </object_component>
      <object_component id="oc-2f9">
         <name>.text:DCC_setCounter0ClkSource</name>
         <load_address>0x829e7</load_address>
         <run_address>0x829e7</run_address>
         <size>0x1e</size>
         <input_file_ref idref="fl-f"/>
      </object_component>
      <object_component id="oc-2ff">
         <name>.text:DCC_setCounter1ClkSource</name>
         <load_address>0x82a05</load_address>
         <run_address>0x82a05</run_address>
         <size>0x1e</size>
         <input_file_ref idref="fl-f"/>
      </object_component>
      <object_component id="oc-2e">
         <name>.text:Interrupt_initVectorTable</name>
         <load_address>0x82a23</load_address>
         <run_address>0x82a23</run_address>
         <size>0x1e</size>
         <input_file_ref idref="fl-d"/>
      </object_component>
      <object_component id="oc-148">
         <name>.text:SCI_enableFIFO</name>
         <load_address>0x82a41</load_address>
         <run_address>0x82a41</run_address>
         <size>0x1d</size>
         <input_file_ref idref="fl-2"/>
      </object_component>
      <object_component id="oc-48">
         <name>.text</name>
         <load_address>0x82a5e</load_address>
         <run_address>0x82a5e</run_address>
         <size>0x1d</size>
         <input_file_ref idref="fl-1d"/>
      </object_component>
      <object_component id="oc-165">
         <name>.text:sci_puti16</name>
         <load_address>0x82a7b</load_address>
         <run_address>0x82a7b</run_address>
         <size>0x1b</size>
         <input_file_ref idref="fl-2"/>
      </object_component>
      <object_component id="oc-2ab">
         <name>.text:SCI_isSpaceAvailableNonFIFO</name>
         <load_address>0x82a96</load_address>
         <run_address>0x82a96</run_address>
         <size>0x1a</size>
         <input_file_ref idref="fl-e"/>
      </object_component>
      <object_component id="oc-1ad">
         <name>.text:SysCtl_getLowSpeedClock</name>
         <load_address>0x82ab0</load_address>
         <run_address>0x82ab0</run_address>
         <size>0x1a</size>
         <input_file_ref idref="fl-f"/>
      </object_component>
      <object_component id="oc-273">
         <name>.text:SysCtl_setPLLSysClk</name>
         <load_address>0x82aca</load_address>
         <run_address>0x82aca</run_address>
         <size>0x19</size>
         <input_file_ref idref="fl-f"/>
      </object_component>
      <object_component id="oc-1ef">
         <name>.text:SCI_disableModule</name>
         <load_address>0x82ae3</load_address>
         <run_address>0x82ae3</run_address>
         <size>0x18</size>
         <input_file_ref idref="fl-e"/>
      </object_component>
      <object_component id="oc-200">
         <name>.text:SCI_performSoftwareReset</name>
         <load_address>0x82afb</load_address>
         <run_address>0x82afb</run_address>
         <size>0x18</size>
         <input_file_ref idref="fl-e"/>
      </object_component>
      <object_component id="oc-124">
         <name>.text:SCI_performSoftwareReset</name>
         <load_address>0x82b13</load_address>
         <run_address>0x82b13</run_address>
         <size>0x18</size>
         <input_file_ref idref="fl-2"/>
      </object_component>
      <object_component id="oc-130">
         <name>.text:SCI_resetChannels</name>
         <load_address>0x82b2b</load_address>
         <run_address>0x82b2b</run_address>
         <size>0x18</size>
         <input_file_ref idref="fl-2"/>
      </object_component>
      <object_component id="oc-136">
         <name>.text:SCI_resetRxFIFO</name>
         <load_address>0x82b43</load_address>
         <run_address>0x82b43</run_address>
         <size>0x18</size>
         <input_file_ref idref="fl-2"/>
      </object_component>
      <object_component id="oc-13c">
         <name>.text:SCI_resetTxFIFO</name>
         <load_address>0x82b5b</load_address>
         <run_address>0x82b5b</run_address>
         <size>0x18</size>
         <input_file_ref idref="fl-2"/>
      </object_component>
      <object_component id="oc-285">
         <name>.text:SysCtl_enablePeripheral</name>
         <load_address>0x82b73</load_address>
         <run_address>0x82b73</run_address>
         <size>0x17</size>
         <input_file_ref idref="fl-3"/>
      </object_component>
      <object_component id="oc-2d5">
         <name>.text:SysCtl_enablePeripheral</name>
         <load_address>0x82b8a</load_address>
         <run_address>0x82b8a</run_address>
         <size>0x17</size>
         <input_file_ref idref="fl-f"/>
      </object_component>
      <object_component id="oc-78">
         <name>.text</name>
         <load_address>0x82ba1</load_address>
         <run_address>0x82ba1</run_address>
         <size>0x17</size>
         <input_file_ref idref="fl-1b"/>
      </object_component>
      <object_component id="oc-2f3">
         <name>.text:DCC_disableDoneSignal</name>
         <load_address>0x82bb8</load_address>
         <run_address>0x82bb8</run_address>
         <size>0x16</size>
         <input_file_ref idref="fl-f"/>
      </object_component>
      <object_component id="oc-2d">
         <name>.text:Interrupt_defaultHandler</name>
         <load_address>0x82bce</load_address>
         <run_address>0x82bce</run_address>
         <size>0x16</size>
         <input_file_ref idref="fl-d"/>
      </object_component>
      <object_component id="oc-2e1">
         <name>.text:DCC_clearDoneFlag</name>
         <load_address>0x82be4</load_address>
         <run_address>0x82be4</run_address>
         <size>0x15</size>
         <input_file_ref idref="fl-f"/>
      </object_component>
      <object_component id="oc-2db">
         <name>.text:DCC_clearErrorFlag</name>
         <load_address>0x82bf9</load_address>
         <run_address>0x82bf9</run_address>
         <size>0x15</size>
         <input_file_ref idref="fl-f"/>
      </object_component>
      <object_component id="oc-2ed">
         <name>.text:DCC_disableErrorSignal</name>
         <load_address>0x82c0e</load_address>
         <run_address>0x82c0e</run_address>
         <size>0x15</size>
         <input_file_ref idref="fl-f"/>
      </object_component>
      <object_component id="oc-32f">
         <name>.text:DCC_isBaseValid</name>
         <load_address>0x82c23</load_address>
         <run_address>0x82c23</run_address>
         <size>0x15</size>
         <input_file_ref idref="fl-f"/>
      </object_component>
      <object_component id="oc-1c7">
         <name>.text:GPIO_unlockPortConfig</name>
         <load_address>0x82c38</load_address>
         <run_address>0x82c38</run_address>
         <size>0x15</size>
         <input_file_ref idref="fl-3"/>
      </object_component>
      <object_component id="oc-2e7">
         <name>.text:DCC_disableModule</name>
         <load_address>0x82c4d</load_address>
         <run_address>0x82c4d</run_address>
         <size>0x14</size>
         <input_file_ref idref="fl-f"/>
      </object_component>
      <object_component id="oc-311">
         <name>.text:DCC_enableModule</name>
         <load_address>0x82c61</load_address>
         <run_address>0x82c61</run_address>
         <size>0x14</size>
         <input_file_ref idref="fl-f"/>
      </object_component>
      <object_component id="oc-1d0">
         <name>.text:GPIO_isPinValid</name>
         <load_address>0x82c75</load_address>
         <run_address>0x82c75</run_address>
         <size>0x14</size>
         <input_file_ref idref="fl-c"/>
      </object_component>
      <object_component id="oc-2a5">
         <name>.text:SCI_getTxFIFOStatus</name>
         <load_address>0x82c89</load_address>
         <run_address>0x82c89</run_address>
         <size>0x14</size>
         <input_file_ref idref="fl-e"/>
      </object_component>
      <object_component id="oc-1f5">
         <name>.text:SCI_enableModule</name>
         <load_address>0x82c9d</load_address>
         <run_address>0x82c9d</run_address>
         <size>0x13</size>
         <input_file_ref idref="fl-e"/>
      </object_component>
      <object_component id="oc-14e">
         <name>.text:SCI_enableModule</name>
         <load_address>0x82cb0</load_address>
         <run_address>0x82cb0</run_address>
         <size>0x13</size>
         <input_file_ref idref="fl-2"/>
      </object_component>
      <object_component id="oc-1e8">
         <name>.text:SCI_isBaseValid</name>
         <load_address>0x82cc3</load_address>
         <run_address>0x82cc3</run_address>
         <size>0x13</size>
         <input_file_ref idref="fl-e"/>
      </object_component>
      <object_component id="oc-1e1">
         <name>.text:SCI_isBaseValid</name>
         <load_address>0x82cd6</load_address>
         <run_address>0x82cd6</run_address>
         <size>0x13</size>
         <input_file_ref idref="fl-2"/>
      </object_component>
      <object_component id="oc-155">
         <name>.text:sci_puts</name>
         <load_address>0x82ce9</load_address>
         <run_address>0x82ce9</run_address>
         <size>0x12</size>
         <input_file_ref idref="fl-2"/>
      </object_component>
      <object_component id="oc-100">
         <name>.text:Device_initGPIO</name>
         <load_address>0x82cfb</load_address>
         <run_address>0x82cfb</run_address>
         <size>0x10</size>
         <input_file_ref idref="fl-3"/>
      </object_component>
      <object_component id="oc-227">
         <name>.text:Flash_isCtrlBaseValid</name>
         <load_address>0x82d0b</load_address>
         <run_address>0x82d0b</run_address>
         <size>0x10</size>
         <input_file_ref idref="fl-b"/>
      </object_component>
      <object_component id="oc-22e">
         <name>.text:Flash_isECCBaseValid</name>
         <load_address>0x82d1b</load_address>
         <run_address>0x82d1b</run_address>
         <size>0x10</size>
         <input_file_ref idref="fl-b"/>
      </object_component>
      <object_component id="oc-1da">
         <name>.text:Interrupt_disableGlobal</name>
         <load_address>0x82d2b</load_address>
         <run_address>0x82d2b</run_address>
         <size>0xd</size>
         <input_file_ref idref="fl-d"/>
      </object_component>
      <object_component id="oc-19a">
         <name>.text:SysCtl_setLowSpeedClock</name>
         <load_address>0x82d38</load_address>
         <run_address>0x82d38</run_address>
         <size>0xd</size>
         <input_file_ref idref="fl-3"/>
      </object_component>
      <object_component id="oc-90">
         <name>.text</name>
         <load_address>0x82d45</load_address>
         <run_address>0x82d45</run_address>
         <size>0xc</size>
         <input_file_ref idref="fl-25"/>
      </object_component>
      <object_component id="oc-188">
         <name>.text:SysCtl_disableWatchdog</name>
         <load_address>0x82d51</load_address>
         <run_address>0x82d51</run_address>
         <size>0xb</size>
         <input_file_ref idref="fl-3"/>
      </object_component>
      <object_component id="oc-267">
         <name>.text:SysCtl_isMCDClockFailureDetected</name>
         <load_address>0x82d5c</load_address>
         <run_address>0x82d5c</run_address>
         <size>0xb</size>
         <input_file_ref idref="fl-f"/>
      </object_component>
      <object_component id="oc-39">
         <name>.text:Interrupt_illegalOperationHandler</name>
         <load_address>0x82d67</load_address>
         <run_address>0x82d67</run_address>
         <size>0xa</size>
         <input_file_ref idref="fl-d"/>
      </object_component>
      <object_component id="oc-3f">
         <name>.text:Interrupt_nmiHandler</name>
         <load_address>0x82d71</load_address>
         <run_address>0x82d71</run_address>
         <size>0xa</size>
         <input_file_ref idref="fl-d"/>
      </object_component>
      <object_component id="oc-175">
         <name>.text</name>
         <load_address>0x82d7b</load_address>
         <run_address>0x82d7b</run_address>
         <size>0x9</size>
         <input_file_ref idref="fl-24"/>
      </object_component>
      <object_component id="oc-1b">
         <name>.text:decompress:none</name>
         <load_address>0x82d84</load_address>
         <run_address>0x82d84</run_address>
         <size>0x8</size>
         <input_file_ref idref="fl-21"/>
      </object_component>
      <object_component id="oc-5c">
         <name>.text</name>
         <load_address>0x82d8c</load_address>
         <run_address>0x82d8c</run_address>
         <size>0x8</size>
         <input_file_ref idref="fl-4"/>
      </object_component>
      <object_component id="oc-1b9">
         <name>.text:ASysCtl_lockVREG</name>
         <load_address>0x82d94</load_address>
         <run_address>0x82d94</run_address>
         <size>0x7</size>
         <input_file_ref idref="fl-3"/>
      </object_component>
      <object_component id="oc-325">
         <name>.text:SysCtl_resetMCD</name>
         <load_address>0x82d9b</load_address>
         <run_address>0x82d9b</run_address>
         <size>0x7</size>
         <input_file_ref idref="fl-f"/>
      </object_component>
      <object_component id="oc-1a7">
         <name>.text:__error__</name>
         <load_address>0x82da2</load_address>
         <run_address>0x82da2</run_address>
         <size>0x7</size>
         <input_file_ref idref="fl-3"/>
      </object_component>
      <object_component id="oc-89">
         <name>.text</name>
         <load_address>0x82da9</load_address>
         <run_address>0x82da9</run_address>
         <size>0x2</size>
         <input_file_ref idref="fl-1e"/>
      </object_component>
      <object_component id="oc-e5">
         <name>.text</name>
         <load_address>0x82dab</load_address>
         <run_address>0x82dab</run_address>
         <size>0x1</size>
         <input_file_ref idref="fl-28"/>
      </object_component>
      <object_component id="oc-36c">
         <name>.cinit..data.load</name>
         <load_address>0x81130</load_address>
         <run_address>0x81130</run_address>
         <size>0x51</size>
      </object_component>
      <object_component id="oc-36a">
         <name>__TI_handler_table</name>
         <load_address>0x81182</load_address>
         <run_address>0x81182</run_address>
         <size>0x4</size>
      </object_component>
      <object_component id="oc-36b">
         <name>__TI_cinit_table</name>
         <load_address>0x81186</load_address>
         <run_address>0x81186</run_address>
         <size>0x4</size>
      </object_component>
      <object_component id="oc-45">
         <name>.stack</name>
         <uninitialized>true</uninitialized>
         <run_address>0x400</run_address>
         <size>0x0</size>
         <input_file_ref idref="fl-1b"/>
      </object_component>
      <object_component id="oc-36d">
         <name>.stack</name>
         <uninitialized>true</uninitialized>
         <run_address>0x400</run_address>
         <size>0x0</size>
      </object_component>
      <object_component id="oc-16b">
         <name>.data</name>
         <load_address>0xa840</load_address>
         <run_address>0xa840</run_address>
         <size>0x6</size>
         <input_file_ref idref="fl-2"/>
      </object_component>
      <object_component id="oc-162">
         <name>.data:sine_table</name>
         <load_address>0xa800</load_address>
         <run_address>0xa800</run_address>
         <size>0x40</size>
         <input_file_ref idref="fl-2"/>
      </object_component>
      <object_component id="oc-da">
         <name>.data</name>
         <load_address>0xa846</load_address>
         <run_address>0xa846</run_address>
         <size>0x6</size>
         <input_file_ref idref="fl-23"/>
      </object_component>
      <object_component id="oc-dd">
         <name>.data:_lock</name>
         <load_address>0xa84c</load_address>
         <run_address>0xa84c</run_address>
         <size>0x2</size>
         <input_file_ref idref="fl-24"/>
      </object_component>
      <object_component id="oc-219">
         <name>.data:_unlock</name>
         <load_address>0xa84e</load_address>
         <run_address>0xa84e</run_address>
         <size>0x2</size>
         <input_file_ref idref="fl-24"/>
      </object_component>
      <object_component id="oc-154">
         <name>.const:.string</name>
         <load_address>0x95000</load_address>
         <run_address>0x95000</run_address>
         <size>0x122</size>
         <input_file_ref idref="fl-2"/>
      </object_component>
      <object_component id="oc-22d">
         <name>.const:.string</name>
         <load_address>0x95122</load_address>
         <run_address>0x95122</run_address>
         <size>0x9b</size>
         <input_file_ref idref="fl-b"/>
      </object_component>
      <object_component id="oc-266">
         <name>.const:.string</name>
         <load_address>0x951be</load_address>
         <run_address>0x951be</run_address>
         <size>0x9a</size>
         <input_file_ref idref="fl-f"/>
      </object_component>
      <object_component id="oc-1d6">
         <name>.const:.string</name>
         <load_address>0x95258</load_address>
         <run_address>0x95258</run_address>
         <size>0x98</size>
         <input_file_ref idref="fl-c"/>
      </object_component>
      <object_component id="oc-1ee">
         <name>.const:.string</name>
         <load_address>0x952f0</load_address>
         <run_address>0x952f0</run_address>
         <size>0x97</size>
         <input_file_ref idref="fl-e"/>
      </object_component>
      <object_component id="oc-1a6">
         <name>.const:.string</name>
         <load_address>0x95388</load_address>
         <run_address>0x95388</run_address>
         <size>0x51</size>
         <input_file_ref idref="fl-3"/>
      </object_component>
      <object_component id="oc-18e">
         <name>.TI.ramfunc:Flash_initModule</name>
         <load_address>0x81000</load_address>
         <run_address>0x8000</run_address>
         <size>0x49</size>
         <input_file_ref idref="fl-b"/>
      </object_component>
      <object_component id="oc-234">
         <name>.TI.ramfunc:Flash_setBankPowerMode</name>
         <load_address>0x81049</load_address>
         <run_address>0x8049</run_address>
         <size>0x2c</size>
         <input_file_ref idref="fl-b"/>
      </object_component>
      <object_component id="oc-24c">
         <name>.TI.ramfunc:Flash_setWaitstates</name>
         <load_address>0x81075</load_address>
         <run_address>0x8075</run_address>
         <size>0x24</size>
         <input_file_ref idref="fl-b"/>
      </object_component>
      <object_component id="oc-23a">
         <name>.TI.ramfunc:Flash_setPumpPowerMode</name>
         <load_address>0x81099</load_address>
         <run_address>0x8099</run_address>
         <size>0x1d</size>
         <input_file_ref idref="fl-b"/>
      </object_component>
      <object_component id="oc-240">
         <name>.TI.ramfunc:Flash_disableCache</name>
         <load_address>0x810b6</load_address>
         <run_address>0x80b6</run_address>
         <size>0x18</size>
         <input_file_ref idref="fl-b"/>
      </object_component>
      <object_component id="oc-246">
         <name>.TI.ramfunc:Flash_disablePrefetch</name>
         <load_address>0x810ce</load_address>
         <run_address>0x80ce</run_address>
         <size>0x18</size>
         <input_file_ref idref="fl-b"/>
      </object_component>
      <object_component id="oc-252">
         <name>.TI.ramfunc:Flash_enableCache</name>
         <load_address>0x810e6</load_address>
         <run_address>0x80e6</run_address>
         <size>0x17</size>
         <input_file_ref idref="fl-b"/>
      </object_component>
      <object_component id="oc-258">
         <name>.TI.ramfunc:Flash_enablePrefetch</name>
         <load_address>0x810fd</load_address>
         <run_address>0x80fd</run_address>
         <size>0x17</size>
         <input_file_ref idref="fl-b"/>
      </object_component>
      <object_component id="oc-25e">
         <name>.TI.ramfunc:Flash_enableECC</name>
         <load_address>0x81114</load_address>
         <run_address>0x8114</run_address>
         <size>0x16</size>
         <input_file_ref idref="fl-b"/>
      </object_component>
      <object_component id="oc-161">
         <name>.TI.ramfunc</name>
         <load_address>0x8112a</load_address>
         <run_address>0x812a</run_address>
         <size>0x4</size>
         <input_file_ref idref="fl-f"/>
      </object_component>
      <object_component id="oc-16f">
         <name>.debug_types</name>
         <load_address>0x0</load_address>
         <run_address>0x0</run_address>
         <size>0x6f1</size>
         <input_file_ref idref="fl-2"/>
      </object_component>
      <object_component id="oc-1c6">
         <name>.debug_types</name>
         <load_address>0x6f1</load_address>
         <run_address>0x6f1</run_address>
         <size>0xc9c</size>
         <input_file_ref idref="fl-3"/>
      </object_component>
      <object_component id="oc-265">
         <name>.debug_types</name>
         <load_address>0x138d</load_address>
         <run_address>0x138d</run_address>
         <size>0x1fa</size>
         <input_file_ref idref="fl-b"/>
      </object_component>
      <object_component id="oc-1cf">
         <name>.debug_types</name>
         <load_address>0x1587</load_address>
         <run_address>0x1587</run_address>
         <size>0x2f4</size>
         <input_file_ref idref="fl-c"/>
      </object_component>
      <object_component id="oc-63">
         <name>.debug_types</name>
         <load_address>0x0</load_address>
         <run_address>0x0</run_address>
         <size>0x0</size>
         <input_file_ref idref="fl-d"/>
      </object_component>
      <object_component id="oc-1fc">
         <name>.debug_types</name>
         <load_address>0x187b</load_address>
         <run_address>0x187b</run_address>
         <size>0x39c</size>
         <input_file_ref idref="fl-e"/>
      </object_component>
      <object_component id="oc-280">
         <name>.debug_types</name>
         <load_address>0x1c17</load_address>
         <run_address>0x1c17</run_address>
         <size>0x788</size>
         <input_file_ref idref="fl-f"/>
      </object_component>
      <object_component id="oc-6b">
         <name>.debug_types</name>
         <load_address>0x239f</load_address>
         <run_address>0x239f</run_address>
         <size>0x142</size>
         <input_file_ref idref="fl-1d"/>
      </object_component>
      <object_component id="oc-a1">
         <name>.debug_types</name>
         <load_address>0x0</load_address>
         <run_address>0x0</run_address>
         <size>0x0</size>
         <input_file_ref idref="fl-1e"/>
      </object_component>
      <object_component id="oc-ec">
         <name>.debug_types</name>
         <load_address>0x24e1</load_address>
         <run_address>0x24e1</run_address>
         <size>0x4bd</size>
         <input_file_ref idref="fl-1f"/>
      </object_component>
      <object_component id="oc-4f">
         <name>.debug_types</name>
         <load_address>0x299e</load_address>
         <run_address>0x299e</run_address>
         <size>0x194</size>
         <input_file_ref idref="fl-21"/>
      </object_component>
      <object_component id="oc-47">
         <name>.debug_types</name>
         <load_address>0x2b32</load_address>
         <run_address>0x2b32</run_address>
         <size>0x191</size>
         <input_file_ref idref="fl-22"/>
      </object_component>
      <object_component id="oc-e1">
         <name>.debug_types</name>
         <load_address>0x2cc3</load_address>
         <run_address>0x2cc3</run_address>
         <size>0xbf</size>
         <input_file_ref idref="fl-23"/>
      </object_component>
      <object_component id="oc-17d">
         <name>.debug_types</name>
         <load_address>0x2d82</load_address>
         <run_address>0x2d82</run_address>
         <size>0x2f</size>
         <input_file_ref idref="fl-24"/>
      </object_component>
      <object_component id="oc-d9">
         <name>.debug_types</name>
         <load_address>0x2db1</load_address>
         <run_address>0x2db1</run_address>
         <size>0xe1</size>
         <input_file_ref idref="fl-25"/>
      </object_component>
      <object_component id="oc-182">
         <name>.debug_types</name>
         <load_address>0x0</load_address>
         <run_address>0x0</run_address>
         <size>0x0</size>
         <input_file_ref idref="fl-28"/>
      </object_component>
      <object_component id="oc-16c">
         <name>.debug_info</name>
         <load_address>0x0</load_address>
         <run_address>0x0</run_address>
         <size>0x13a</size>
         <input_file_ref idref="fl-2"/>
      </object_component>
      <object_component id="oc-163">
         <name>.debug_info</name>
         <load_address>0x13a</load_address>
         <run_address>0x13a</run_address>
         <size>0xda</size>
         <input_file_ref idref="fl-2"/>
      </object_component>
      <object_component id="oc-1e2">
         <name>.debug_info</name>
         <load_address>0x214</load_address>
         <run_address>0x214</run_address>
         <size>0x156</size>
         <input_file_ref idref="fl-2"/>
      </object_component>
      <object_component id="oc-14f">
         <name>.debug_info</name>
         <load_address>0x36a</load_address>
         <run_address>0x36a</run_address>
         <size>0x176</size>
         <input_file_ref idref="fl-2"/>
      </object_component>
      <object_component id="oc-149">
         <name>.debug_info</name>
         <load_address>0x4e0</load_address>
         <run_address>0x4e0</run_address>
         <size>0x172</size>
         <input_file_ref idref="fl-2"/>
      </object_component>
      <object_component id="oc-137">
         <name>.debug_info</name>
         <load_address>0x652</load_address>
         <run_address>0x652</run_address>
         <size>0x174</size>
         <input_file_ref idref="fl-2"/>
      </object_component>
      <object_component id="oc-13d">
         <name>.debug_info</name>
         <load_address>0x7c6</load_address>
         <run_address>0x7c6</run_address>
         <size>0x174</size>
         <input_file_ref idref="fl-2"/>
      </object_component>
      <object_component id="oc-131">
         <name>.debug_info</name>
         <load_address>0x93a</load_address>
         <run_address>0x93a</run_address>
         <size>0x178</size>
         <input_file_ref idref="fl-2"/>
      </object_component>
      <object_component id="oc-125">
         <name>.debug_info</name>
         <load_address>0xab2</load_address>
         <run_address>0xab2</run_address>
         <size>0x186</size>
         <input_file_ref idref="fl-2"/>
      </object_component>
      <object_component id="oc-156">
         <name>.debug_info</name>
         <load_address>0xc38</load_address>
         <run_address>0xc38</run_address>
         <size>0x140</size>
         <input_file_ref idref="fl-2"/>
      </object_component>
      <object_component id="oc-15c">
         <name>.debug_info</name>
         <load_address>0xd78</load_address>
         <run_address>0xd78</run_address>
         <size>0x19c</size>
         <input_file_ref idref="fl-2"/>
      </object_component>
      <object_component id="oc-166">
         <name>.debug_info</name>
         <load_address>0xf14</load_address>
         <run_address>0xf14</run_address>
         <size>0x16a</size>
         <input_file_ref idref="fl-2"/>
      </object_component>
      <object_component id="oc-d3">
         <name>.debug_info</name>
         <load_address>0x107e</load_address>
         <run_address>0x107e</run_address>
         <size>0x456</size>
         <input_file_ref idref="fl-2"/>
      </object_component>
      <object_component id="oc-1ba">
         <name>.debug_info</name>
         <load_address>0x14d4</load_address>
         <run_address>0x14d4</run_address>
         <size>0x13e</size>
         <input_file_ref idref="fl-3"/>
      </object_component>
      <object_component id="oc-286">
         <name>.debug_info</name>
         <load_address>0x1612</load_address>
         <run_address>0x1612</run_address>
         <size>0x1a2</size>
         <input_file_ref idref="fl-3"/>
      </object_component>
      <object_component id="oc-19b">
         <name>.debug_info</name>
         <load_address>0x17b4</load_address>
         <run_address>0x17b4</run_address>
         <size>0x176</size>
         <input_file_ref idref="fl-3"/>
      </object_component>
      <object_component id="oc-189">
         <name>.debug_info</name>
         <load_address>0x192a</load_address>
         <run_address>0x192a</run_address>
         <size>0x149</size>
         <input_file_ref idref="fl-3"/>
      </object_component>
      <object_component id="oc-1c8">
         <name>.debug_info</name>
         <load_address>0x1a73</load_address>
         <run_address>0x1a73</run_address>
         <size>0x1a5</size>
         <input_file_ref idref="fl-3"/>
      </object_component>
      <object_component id="oc-fb">
         <name>.debug_info</name>
         <load_address>0x1c18</load_address>
         <run_address>0x1c18</run_address>
         <size>0x22e</size>
         <input_file_ref idref="fl-3"/>
      </object_component>
      <object_component id="oc-1b4">
         <name>.debug_info</name>
         <load_address>0x1e46</load_address>
         <run_address>0x1e46</run_address>
         <size>0x77f</size>
         <input_file_ref idref="fl-3"/>
      </object_component>
      <object_component id="oc-101">
         <name>.debug_info</name>
         <load_address>0x25c5</load_address>
         <run_address>0x25c5</run_address>
         <size>0x160</size>
         <input_file_ref idref="fl-3"/>
      </object_component>
      <object_component id="oc-1a8">
         <name>.debug_info</name>
         <load_address>0x2725</load_address>
         <run_address>0x2725</run_address>
         <size>0x14f</size>
         <input_file_ref idref="fl-3"/>
      </object_component>
      <object_component id="oc-23">
         <name>.debug_info</name>
         <load_address>0x2874</load_address>
         <run_address>0x2874</run_address>
         <size>0x102</size>
         <input_file_ref idref="fl-4"/>
      </object_component>
      <object_component id="oc-5d">
         <name>.debug_info</name>
         <load_address>0x2976</load_address>
         <run_address>0x2976</run_address>
         <size>0x103</size>
         <input_file_ref idref="fl-4"/>
      </object_component>
      <object_component id="oc-228">
         <name>.debug_info</name>
         <load_address>0x2a79</load_address>
         <run_address>0x2a79</run_address>
         <size>0x1e2</size>
         <input_file_ref idref="fl-b"/>
      </object_component>
      <object_component id="oc-22f">
         <name>.debug_info</name>
         <load_address>0x2c5b</load_address>
         <run_address>0x2c5b</run_address>
         <size>0x1de</size>
         <input_file_ref idref="fl-b"/>
      </object_component>
      <object_component id="oc-24d">
         <name>.debug_info</name>
         <load_address>0x2e39</load_address>
         <run_address>0x2e39</run_address>
         <size>0x23d</size>
         <input_file_ref idref="fl-b"/>
      </object_component>
      <object_component id="oc-235">
         <name>.debug_info</name>
         <load_address>0x3076</load_address>
         <run_address>0x3076</run_address>
         <size>0x254</size>
         <input_file_ref idref="fl-b"/>
      </object_component>
      <object_component id="oc-23b">
         <name>.debug_info</name>
         <load_address>0x32ca</load_address>
         <run_address>0x32ca</run_address>
         <size>0x233</size>
         <input_file_ref idref="fl-b"/>
      </object_component>
      <object_component id="oc-259">
         <name>.debug_info</name>
         <load_address>0x34fd</load_address>
         <run_address>0x34fd</run_address>
         <size>0x204</size>
         <input_file_ref idref="fl-b"/>
      </object_component>
      <object_component id="oc-247">
         <name>.debug_info</name>
         <load_address>0x3701</load_address>
         <run_address>0x3701</run_address>
         <size>0x206</size>
         <input_file_ref idref="fl-b"/>
      </object_component>
      <object_component id="oc-253">
         <name>.debug_info</name>
         <load_address>0x3907</load_address>
         <run_address>0x3907</run_address>
         <size>0x1fe</size>
         <input_file_ref idref="fl-b"/>
      </object_component>
      <object_component id="oc-241">
         <name>.debug_info</name>
         <load_address>0x3b05</load_address>
         <run_address>0x3b05</run_address>
         <size>0x200</size>
         <input_file_ref idref="fl-b"/>
      </object_component>
      <object_component id="oc-25f">
         <name>.debug_info</name>
         <load_address>0x3d05</load_address>
         <run_address>0x3d05</run_address>
         <size>0x1f7</size>
         <input_file_ref idref="fl-b"/>
      </object_component>
      <object_component id="oc-18f">
         <name>.debug_info</name>
         <load_address>0x3efc</load_address>
         <run_address>0x3efc</run_address>
         <size>0x375</size>
         <input_file_ref idref="fl-b"/>
      </object_component>
      <object_component id="oc-1d1">
         <name>.debug_info</name>
         <load_address>0x4271</load_address>
         <run_address>0x4271</run_address>
         <size>0x1ca</size>
         <input_file_ref idref="fl-c"/>
      </object_component>
      <object_component id="oc-10d">
         <name>.debug_info</name>
         <load_address>0x443b</load_address>
         <run_address>0x443b</run_address>
         <size>0x242</size>
         <input_file_ref idref="fl-c"/>
      </object_component>
      <object_component id="oc-113">
         <name>.debug_info</name>
         <load_address>0x467d</load_address>
         <run_address>0x467d</run_address>
         <size>0x22b</size>
         <input_file_ref idref="fl-c"/>
      </object_component>
      <object_component id="oc-119">
         <name>.debug_info</name>
         <load_address>0x48a8</load_address>
         <run_address>0x48a8</run_address>
         <size>0x273</size>
         <input_file_ref idref="fl-c"/>
      </object_component>
      <object_component id="oc-1c0">
         <name>.debug_info</name>
         <load_address>0x4b1b</load_address>
         <run_address>0x4b1b</run_address>
         <size>0x227</size>
         <input_file_ref idref="fl-c"/>
      </object_component>
      <object_component id="oc-107">
         <name>.debug_info</name>
         <load_address>0x4d42</load_address>
         <run_address>0x4d42</run_address>
         <size>0x214</size>
         <input_file_ref idref="fl-c"/>
      </object_component>
      <object_component id="oc-1db">
         <name>.debug_info</name>
         <load_address>0x4f56</load_address>
         <run_address>0x4f56</run_address>
         <size>0x1c5</size>
         <input_file_ref idref="fl-d"/>
      </object_component>
      <object_component id="oc-11f">
         <name>.debug_info</name>
         <load_address>0x511b</load_address>
         <run_address>0x511b</run_address>
         <size>0x1d4</size>
         <input_file_ref idref="fl-d"/>
      </object_component>
      <object_component id="oc-34">
         <name>.debug_info</name>
         <load_address>0x52ef</load_address>
         <run_address>0x52ef</run_address>
         <size>0x1e1</size>
         <input_file_ref idref="fl-d"/>
      </object_component>
      <object_component id="oc-3a">
         <name>.debug_info</name>
         <load_address>0x54d0</load_address>
         <run_address>0x54d0</run_address>
         <size>0x1c7</size>
         <input_file_ref idref="fl-d"/>
      </object_component>
      <object_component id="oc-40">
         <name>.debug_info</name>
         <load_address>0x5697</load_address>
         <run_address>0x5697</run_address>
         <size>0x1ad</size>
         <input_file_ref idref="fl-d"/>
      </object_component>
      <object_component id="oc-2f">
         <name>.debug_info</name>
         <load_address>0x5844</load_address>
         <run_address>0x5844</run_address>
         <size>0x1d1</size>
         <input_file_ref idref="fl-d"/>
      </object_component>
      <object_component id="oc-1e9">
         <name>.debug_info</name>
         <load_address>0x5a15</load_address>
         <run_address>0x5a15</run_address>
         <size>0x1ca</size>
         <input_file_ref idref="fl-e"/>
      </object_component>
      <object_component id="oc-1f6">
         <name>.debug_info</name>
         <load_address>0x5bdf</load_address>
         <run_address>0x5bdf</run_address>
         <size>0x1ea</size>
         <input_file_ref idref="fl-e"/>
      </object_component>
      <object_component id="oc-1f0">
         <name>.debug_info</name>
         <load_address>0x5dc9</load_address>
         <run_address>0x5dc9</run_address>
         <size>0x1ec</size>
         <input_file_ref idref="fl-e"/>
      </object_component>
      <object_component id="oc-2a0">
         <name>.debug_info</name>
         <load_address>0x5fb5</load_address>
         <run_address>0x5fb5</run_address>
         <size>0x1f4</size>
         <input_file_ref idref="fl-e"/>
      </object_component>
      <object_component id="oc-2ac">
         <name>.debug_info</name>
         <load_address>0x61a9</load_address>
         <run_address>0x61a9</run_address>
         <size>0x208</size>
         <input_file_ref idref="fl-e"/>
      </object_component>
      <object_component id="oc-2a6">
         <name>.debug_info</name>
         <load_address>0x63b1</load_address>
         <run_address>0x63b1</run_address>
         <size>0x1f8</size>
         <input_file_ref idref="fl-e"/>
      </object_component>
      <object_component id="oc-201">
         <name>.debug_info</name>
         <load_address>0x65a9</load_address>
         <run_address>0x65a9</run_address>
         <size>0x1fa</size>
         <input_file_ref idref="fl-e"/>
      </object_component>
      <object_component id="oc-12b">
         <name>.debug_info</name>
         <load_address>0x67a3</load_address>
         <run_address>0x67a3</run_address>
         <size>0x27a</size>
         <input_file_ref idref="fl-e"/>
      </object_component>
      <object_component id="oc-20a">
         <name>.debug_info</name>
         <load_address>0x6a1d</load_address>
         <run_address>0x6a1d</run_address>
         <size>0x293</size>
         <input_file_ref idref="fl-e"/>
      </object_component>
      <object_component id="oc-143">
         <name>.debug_info</name>
         <load_address>0x6cb0</load_address>
         <run_address>0x6cb0</run_address>
         <size>0x22d</size>
         <input_file_ref idref="fl-e"/>
      </object_component>
      <object_component id="oc-2d6">
         <name>.debug_info</name>
         <load_address>0x6edd</load_address>
         <run_address>0x6edd</run_address>
         <size>0x210</size>
         <input_file_ref idref="fl-f"/>
      </object_component>
      <object_component id="oc-268">
         <name>.debug_info</name>
         <load_address>0x70ed</load_address>
         <run_address>0x70ed</run_address>
         <size>0x1d3</size>
         <input_file_ref idref="fl-f"/>
      </object_component>
      <object_component id="oc-326">
         <name>.debug_info</name>
         <load_address>0x72c0</load_address>
         <run_address>0x72c0</run_address>
         <size>0x1a9</size>
         <input_file_ref idref="fl-f"/>
      </object_component>
      <object_component id="oc-274">
         <name>.debug_info</name>
         <load_address>0x7469</load_address>
         <run_address>0x7469</run_address>
         <size>0x1d8</size>
         <input_file_ref idref="fl-f"/>
      </object_component>
      <object_component id="oc-330">
         <name>.debug_info</name>
         <load_address>0x7641</load_address>
         <run_address>0x7641</run_address>
         <size>0x1cd</size>
         <input_file_ref idref="fl-f"/>
      </object_component>
      <object_component id="oc-312">
         <name>.debug_info</name>
         <load_address>0x780e</load_address>
         <run_address>0x780e</run_address>
         <size>0x1eb</size>
         <input_file_ref idref="fl-f"/>
      </object_component>
      <object_component id="oc-2e8">
         <name>.debug_info</name>
         <load_address>0x79f9</load_address>
         <run_address>0x79f9</run_address>
         <size>0x1ed</size>
         <input_file_ref idref="fl-f"/>
      </object_component>
      <object_component id="oc-2ee">
         <name>.debug_info</name>
         <load_address>0x7be6</load_address>
         <run_address>0x7be6</run_address>
         <size>0x1f9</size>
         <input_file_ref idref="fl-f"/>
      </object_component>
      <object_component id="oc-2f4">
         <name>.debug_info</name>
         <load_address>0x7ddf</load_address>
         <run_address>0x7ddf</run_address>
         <size>0x1f7</size>
         <input_file_ref idref="fl-f"/>
      </object_component>
      <object_component id="oc-30c">
         <name>.debug_info</name>
         <load_address>0x7fd6</load_address>
         <run_address>0x7fd6</run_address>
         <size>0x21e</size>
         <input_file_ref idref="fl-f"/>
      </object_component>
      <object_component id="oc-2dc">
         <name>.debug_info</name>
         <load_address>0x81f4</load_address>
         <run_address>0x81f4</run_address>
         <size>0x1f1</size>
         <input_file_ref idref="fl-f"/>
      </object_component>
      <object_component id="oc-2e2">
         <name>.debug_info</name>
         <load_address>0x83e5</load_address>
         <run_address>0x83e5</run_address>
         <size>0x1ef</size>
         <input_file_ref idref="fl-f"/>
      </object_component>
      <object_component id="oc-300">
         <name>.debug_info</name>
         <load_address>0x85d4</load_address>
         <run_address>0x85d4</run_address>
         <size>0x222</size>
         <input_file_ref idref="fl-f"/>
      </object_component>
      <object_component id="oc-2fa">
         <name>.debug_info</name>
         <load_address>0x87f6</load_address>
         <run_address>0x87f6</run_address>
         <size>0x222</size>
         <input_file_ref idref="fl-f"/>
      </object_component>
      <object_component id="oc-306">
         <name>.debug_info</name>
         <load_address>0x8a18</load_address>
         <run_address>0x8a18</run_address>
         <size>0x291</size>
         <input_file_ref idref="fl-f"/>
      </object_component>
      <object_component id="oc-320">
         <name>.debug_info</name>
         <load_address>0x8ca9</load_address>
         <run_address>0x8ca9</run_address>
         <size>0x20d</size>
         <input_file_ref idref="fl-f"/>
      </object_component>
      <object_component id="oc-1a1">
         <name>.debug_info</name>
         <load_address>0x8eb6</load_address>
         <run_address>0x8eb6</run_address>
         <size>0x26c</size>
         <input_file_ref idref="fl-f"/>
      </object_component>
      <object_component id="oc-195">
         <name>.debug_info</name>
         <load_address>0x9122</load_address>
         <run_address>0x9122</run_address>
         <size>0x3eb</size>
         <input_file_ref idref="fl-f"/>
      </object_component>
      <object_component id="oc-2c3">
         <name>.debug_info</name>
         <load_address>0x950d</load_address>
         <run_address>0x950d</run_address>
         <size>0x245</size>
         <input_file_ref idref="fl-f"/>
      </object_component>
      <object_component id="oc-2c9">
         <name>.debug_info</name>
         <load_address>0x9752</load_address>
         <run_address>0x9752</run_address>
         <size>0x216</size>
         <input_file_ref idref="fl-f"/>
      </object_component>
      <object_component id="oc-26e">
         <name>.debug_info</name>
         <load_address>0x9968</load_address>
         <run_address>0x9968</run_address>
         <size>0x22a</size>
         <input_file_ref idref="fl-f"/>
      </object_component>
      <object_component id="oc-1ae">
         <name>.debug_info</name>
         <load_address>0x9b92</load_address>
         <run_address>0x9b92</run_address>
         <size>0x216</size>
         <input_file_ref idref="fl-f"/>
      </object_component>
      <object_component id="oc-27a">
         <name>.debug_info</name>
         <load_address>0x9da8</load_address>
         <run_address>0x9da8</run_address>
         <size>0x4a1</size>
         <input_file_ref idref="fl-f"/>
      </object_component>
      <object_component id="oc-79">
         <name>.debug_info</name>
         <load_address>0xa249</load_address>
         <run_address>0xa249</run_address>
         <size>0x126</size>
         <input_file_ref idref="fl-1b"/>
      </object_component>
      <object_component id="oc-2d1">
         <name>.debug_info</name>
         <load_address>0xa36f</load_address>
         <run_address>0xa36f</run_address>
         <size>0xf5</size>
         <input_file_ref idref="fl-1c"/>
      </object_component>
      <object_component id="oc-49">
         <name>.debug_info</name>
         <load_address>0xa464</load_address>
         <run_address>0xa464</run_address>
         <size>0x169</size>
         <input_file_ref idref="fl-1d"/>
      </object_component>
      <object_component id="oc-8a">
         <name>.debug_info</name>
         <load_address>0xa5cd</load_address>
         <run_address>0xa5cd</run_address>
         <size>0x11b</size>
         <input_file_ref idref="fl-1e"/>
      </object_component>
      <object_component id="oc-a3">
         <name>.debug_info</name>
         <load_address>0xa6e8</load_address>
         <run_address>0xa6e8</run_address>
         <size>0x18d</size>
         <input_file_ref idref="fl-1f"/>
      </object_component>
      <object_component id="oc-1c">
         <name>.debug_info</name>
         <load_address>0xa875</load_address>
         <run_address>0xa875</run_address>
         <size>0x185</size>
         <input_file_ref idref="fl-21"/>
      </object_component>
      <object_component id="oc-16">
         <name>.debug_info</name>
         <load_address>0xa9fa</load_address>
         <run_address>0xa9fa</run_address>
         <size>0x1da</size>
         <input_file_ref idref="fl-22"/>
      </object_component>
      <object_component id="oc-db">
         <name>.debug_info</name>
         <load_address>0xabd4</load_address>
         <run_address>0xabd4</run_address>
         <size>0x16c</size>
         <input_file_ref idref="fl-23"/>
      </object_component>
      <object_component id="oc-97">
         <name>.debug_info</name>
         <load_address>0xad40</load_address>
         <run_address>0xad40</run_address>
         <size>0x177</size>
         <input_file_ref idref="fl-23"/>
      </object_component>
      <object_component id="oc-de">
         <name>.debug_info</name>
         <load_address>0xaeb7</load_address>
         <run_address>0xaeb7</run_address>
         <size>0xd5</size>
         <input_file_ref idref="fl-24"/>
      </object_component>
      <object_component id="oc-21a">
         <name>.debug_info</name>
         <load_address>0xaf8c</load_address>
         <run_address>0xaf8c</run_address>
         <size>0xd9</size>
         <input_file_ref idref="fl-24"/>
      </object_component>
      <object_component id="oc-176">
         <name>.debug_info</name>
         <load_address>0xb065</load_address>
         <run_address>0xb065</run_address>
         <size>0x1d1</size>
         <input_file_ref idref="fl-24"/>
      </object_component>
      <object_component id="oc-91">
         <name>.debug_info</name>
         <load_address>0xb236</load_address>
         <run_address>0xb236</run_address>
         <size>0x12b</size>
         <input_file_ref idref="fl-25"/>
      </object_component>
      <object_component id="oc-e6">
         <name>.debug_info</name>
         <load_address>0xb361</load_address>
         <run_address>0xb361</run_address>
         <size>0x115</size>
         <input_file_ref idref="fl-28"/>
      </object_component>
      <object_component id="oc-36f">
         <name>.debug_info</name>
         <load_address>0xb476</load_address>
         <run_address>0xb476</run_address>
         <size>0xa2</size>
      </object_component>
      <object_component id="oc-215">
         <name>.debug_line</name>
         <load_address>0x0</load_address>
         <run_address>0x0</run_address>
         <size>0x2e</size>
         <input_file_ref idref="fl-2"/>
      </object_component>
      <object_component id="oc-212">
         <name>.debug_line</name>
         <load_address>0x2e</load_address>
         <run_address>0x2e</run_address>
         <size>0x2e</size>
         <input_file_ref idref="fl-2"/>
      </object_component>
      <object_component id="oc-1e5">
         <name>.debug_line</name>
         <load_address>0x5c</load_address>
         <run_address>0x5c</run_address>
         <size>0x74</size>
         <input_file_ref idref="fl-2"/>
      </object_component>
      <object_component id="oc-152">
         <name>.debug_line</name>
         <load_address>0xd0</load_address>
         <run_address>0xd0</run_address>
         <size>0x75</size>
         <input_file_ref idref="fl-2"/>
      </object_component>
      <object_component id="oc-14c">
         <name>.debug_line</name>
         <load_address>0x145</load_address>
         <run_address>0x145</run_address>
         <size>0x77</size>
         <input_file_ref idref="fl-2"/>
      </object_component>
      <object_component id="oc-13a">
         <name>.debug_line</name>
         <load_address>0x1bc</load_address>
         <run_address>0x1bc</run_address>
         <size>0x76</size>
         <input_file_ref idref="fl-2"/>
      </object_component>
      <object_component id="oc-140">
         <name>.debug_line</name>
         <load_address>0x232</load_address>
         <run_address>0x232</run_address>
         <size>0x76</size>
         <input_file_ref idref="fl-2"/>
      </object_component>
      <object_component id="oc-134">
         <name>.debug_line</name>
         <load_address>0x2a8</load_address>
         <run_address>0x2a8</run_address>
         <size>0x76</size>
         <input_file_ref idref="fl-2"/>
      </object_component>
      <object_component id="oc-128">
         <name>.debug_line</name>
         <load_address>0x31e</load_address>
         <run_address>0x31e</run_address>
         <size>0x76</size>
         <input_file_ref idref="fl-2"/>
      </object_component>
      <object_component id="oc-159">
         <name>.debug_line</name>
         <load_address>0x394</load_address>
         <run_address>0x394</run_address>
         <size>0x4d</size>
         <input_file_ref idref="fl-2"/>
      </object_component>
      <object_component id="oc-15f">
         <name>.debug_line</name>
         <load_address>0x3e1</load_address>
         <run_address>0x3e1</run_address>
         <size>0x61</size>
         <input_file_ref idref="fl-2"/>
      </object_component>
      <object_component id="oc-169">
         <name>.debug_line</name>
         <load_address>0x442</load_address>
         <run_address>0x442</run_address>
         <size>0x4b</size>
         <input_file_ref idref="fl-2"/>
      </object_component>
      <object_component id="oc-d6">
         <name>.debug_line</name>
         <load_address>0x48d</load_address>
         <run_address>0x48d</run_address>
         <size>0x9f</size>
         <input_file_ref idref="fl-2"/>
      </object_component>
      <object_component id="oc-217">
         <name>.debug_line</name>
         <load_address>0x52c</load_address>
         <run_address>0x52c</run_address>
         <size>0x115</size>
         <input_file_ref idref="fl-2"/>
      </object_component>
      <object_component id="oc-1bd">
         <name>.debug_line</name>
         <load_address>0x641</load_address>
         <run_address>0x641</run_address>
         <size>0x7a</size>
         <input_file_ref idref="fl-3"/>
      </object_component>
      <object_component id="oc-289">
         <name>.debug_line</name>
         <load_address>0x6bb</load_address>
         <run_address>0x6bb</run_address>
         <size>0x7b</size>
         <input_file_ref idref="fl-3"/>
      </object_component>
      <object_component id="oc-19e">
         <name>.debug_line</name>
         <load_address>0x736</load_address>
         <run_address>0x736</run_address>
         <size>0x79</size>
         <input_file_ref idref="fl-3"/>
      </object_component>
      <object_component id="oc-18c">
         <name>.debug_line</name>
         <load_address>0x7af</load_address>
         <run_address>0x7af</run_address>
         <size>0x7a</size>
         <input_file_ref idref="fl-3"/>
      </object_component>
      <object_component id="oc-1cb">
         <name>.debug_line</name>
         <load_address>0x829</load_address>
         <run_address>0x829</run_address>
         <size>0x78</size>
         <input_file_ref idref="fl-3"/>
      </object_component>
      <object_component id="oc-fe">
         <name>.debug_line</name>
         <load_address>0x8a1</load_address>
         <run_address>0x8a1</run_address>
         <size>0x5d</size>
         <input_file_ref idref="fl-3"/>
      </object_component>
      <object_component id="oc-1b7">
         <name>.debug_line</name>
         <load_address>0x8fe</load_address>
         <run_address>0x8fe</run_address>
         <size>0x84</size>
         <input_file_ref idref="fl-3"/>
      </object_component>
      <object_component id="oc-104">
         <name>.debug_line</name>
         <load_address>0x982</load_address>
         <run_address>0x982</run_address>
         <size>0x4f</size>
         <input_file_ref idref="fl-3"/>
      </object_component>
      <object_component id="oc-1ab">
         <name>.debug_line</name>
         <load_address>0x9d1</load_address>
         <run_address>0x9d1</run_address>
         <size>0x4d</size>
         <input_file_ref idref="fl-3"/>
      </object_component>
      <object_component id="oc-28f">
         <name>.debug_line</name>
         <load_address>0xa1e</load_address>
         <run_address>0xa1e</run_address>
         <size>0xf4</size>
         <input_file_ref idref="fl-3"/>
      </object_component>
      <object_component id="oc-26">
         <name>.debug_line</name>
         <load_address>0xb12</load_address>
         <run_address>0xb12</run_address>
         <size>0x55</size>
         <input_file_ref idref="fl-4"/>
      </object_component>
      <object_component id="oc-60">
         <name>.debug_line</name>
         <load_address>0xb67</load_address>
         <run_address>0xb67</run_address>
         <size>0x5d</size>
         <input_file_ref idref="fl-4"/>
      </object_component>
      <object_component id="oc-22b">
         <name>.debug_line</name>
         <load_address>0xbc4</load_address>
         <run_address>0xbc4</run_address>
         <size>0x87</size>
         <input_file_ref idref="fl-b"/>
      </object_component>
      <object_component id="oc-232">
         <name>.debug_line</name>
         <load_address>0xc4b</load_address>
         <run_address>0xc4b</run_address>
         <size>0x87</size>
         <input_file_ref idref="fl-b"/>
      </object_component>
      <object_component id="oc-250">
         <name>.debug_line</name>
         <load_address>0xcd2</load_address>
         <run_address>0xcd2</run_address>
         <size>0x8b</size>
         <input_file_ref idref="fl-b"/>
      </object_component>
      <object_component id="oc-238">
         <name>.debug_line</name>
         <load_address>0xd5d</load_address>
         <run_address>0xd5d</run_address>
         <size>0x8a</size>
         <input_file_ref idref="fl-b"/>
      </object_component>
      <object_component id="oc-23e">
         <name>.debug_line</name>
         <load_address>0xde7</load_address>
         <run_address>0xde7</run_address>
         <size>0x8a</size>
         <input_file_ref idref="fl-b"/>
      </object_component>
      <object_component id="oc-25c">
         <name>.debug_line</name>
         <load_address>0xe71</load_address>
         <run_address>0xe71</run_address>
         <size>0x8a</size>
         <input_file_ref idref="fl-b"/>
      </object_component>
      <object_component id="oc-24a">
         <name>.debug_line</name>
         <load_address>0xefb</load_address>
         <run_address>0xefb</run_address>
         <size>0x8a</size>
         <input_file_ref idref="fl-b"/>
      </object_component>
      <object_component id="oc-256">
         <name>.debug_line</name>
         <load_address>0xf85</load_address>
         <run_address>0xf85</run_address>
         <size>0x8a</size>
         <input_file_ref idref="fl-b"/>
      </object_component>
      <object_component id="oc-244">
         <name>.debug_line</name>
         <load_address>0x100f</load_address>
         <run_address>0x100f</run_address>
         <size>0x8a</size>
         <input_file_ref idref="fl-b"/>
      </object_component>
      <object_component id="oc-262">
         <name>.debug_line</name>
         <load_address>0x1099</load_address>
         <run_address>0x1099</run_address>
         <size>0x8a</size>
         <input_file_ref idref="fl-b"/>
      </object_component>
      <object_component id="oc-192">
         <name>.debug_line</name>
         <load_address>0x1123</load_address>
         <run_address>0x1123</run_address>
         <size>0x93</size>
         <input_file_ref idref="fl-b"/>
      </object_component>
      <object_component id="oc-2bf">
         <name>.debug_line</name>
         <load_address>0x11b6</load_address>
         <run_address>0x11b6</run_address>
         <size>0xc1</size>
         <input_file_ref idref="fl-b"/>
      </object_component>
      <object_component id="oc-1d4">
         <name>.debug_line</name>
         <load_address>0x1277</load_address>
         <run_address>0x1277</run_address>
         <size>0x86</size>
         <input_file_ref idref="fl-c"/>
      </object_component>
      <object_component id="oc-110">
         <name>.debug_line</name>
         <load_address>0x12fd</load_address>
         <run_address>0x12fd</run_address>
         <size>0x90</size>
         <input_file_ref idref="fl-c"/>
      </object_component>
      <object_component id="oc-116">
         <name>.debug_line</name>
         <load_address>0x138d</load_address>
         <run_address>0x138d</run_address>
         <size>0x9f</size>
         <input_file_ref idref="fl-c"/>
      </object_component>
      <object_component id="oc-11c">
         <name>.debug_line</name>
         <load_address>0x142c</load_address>
         <run_address>0x142c</run_address>
         <size>0x8d</size>
         <input_file_ref idref="fl-c"/>
      </object_component>
      <object_component id="oc-1c3">
         <name>.debug_line</name>
         <load_address>0x14b9</load_address>
         <run_address>0x14b9</run_address>
         <size>0x9f</size>
         <input_file_ref idref="fl-c"/>
      </object_component>
      <object_component id="oc-10a">
         <name>.debug_line</name>
         <load_address>0x1558</load_address>
         <run_address>0x1558</run_address>
         <size>0x8d</size>
         <input_file_ref idref="fl-c"/>
      </object_component>
      <object_component id="oc-293">
         <name>.debug_line</name>
         <load_address>0x15e5</load_address>
         <run_address>0x15e5</run_address>
         <size>0xc0</size>
         <input_file_ref idref="fl-c"/>
      </object_component>
      <object_component id="oc-1de">
         <name>.debug_line</name>
         <load_address>0x16a5</load_address>
         <run_address>0x16a5</run_address>
         <size>0x8b</size>
         <input_file_ref idref="fl-d"/>
      </object_component>
      <object_component id="oc-122">
         <name>.debug_line</name>
         <load_address>0x1730</load_address>
         <run_address>0x1730</run_address>
         <size>0xa6</size>
         <input_file_ref idref="fl-d"/>
      </object_component>
      <object_component id="oc-37">
         <name>.debug_line</name>
         <load_address>0x17d6</load_address>
         <run_address>0x17d6</run_address>
         <size>0x91</size>
         <input_file_ref idref="fl-d"/>
      </object_component>
      <object_component id="oc-3d">
         <name>.debug_line</name>
         <load_address>0x1867</load_address>
         <run_address>0x1867</run_address>
         <size>0x89</size>
         <input_file_ref idref="fl-d"/>
      </object_component>
      <object_component id="oc-43">
         <name>.debug_line</name>
         <load_address>0x18f0</load_address>
         <run_address>0x18f0</run_address>
         <size>0x89</size>
         <input_file_ref idref="fl-d"/>
      </object_component>
      <object_component id="oc-32">
         <name>.debug_line</name>
         <load_address>0x1979</load_address>
         <run_address>0x1979</run_address>
         <size>0x9f</size>
         <input_file_ref idref="fl-d"/>
      </object_component>
      <object_component id="oc-7f">
         <name>.debug_line</name>
         <load_address>0x1a18</load_address>
         <run_address>0x1a18</run_address>
         <size>0x21</size>
         <input_file_ref idref="fl-d"/>
      </object_component>
      <object_component id="oc-1ec">
         <name>.debug_line</name>
         <load_address>0x1a39</load_address>
         <run_address>0x1a39</run_address>
         <size>0x85</size>
         <input_file_ref idref="fl-e"/>
      </object_component>
      <object_component id="oc-1f9">
         <name>.debug_line</name>
         <load_address>0x1abe</load_address>
         <run_address>0x1abe</run_address>
         <size>0x86</size>
         <input_file_ref idref="fl-e"/>
      </object_component>
      <object_component id="oc-1f3">
         <name>.debug_line</name>
         <load_address>0x1b44</load_address>
         <run_address>0x1b44</run_address>
         <size>0x87</size>
         <input_file_ref idref="fl-e"/>
      </object_component>
      <object_component id="oc-2a3">
         <name>.debug_line</name>
         <load_address>0x1bcb</load_address>
         <run_address>0x1bcb</run_address>
         <size>0x86</size>
         <input_file_ref idref="fl-e"/>
      </object_component>
      <object_component id="oc-2af">
         <name>.debug_line</name>
         <load_address>0x1c51</load_address>
         <run_address>0x1c51</run_address>
         <size>0x86</size>
         <input_file_ref idref="fl-e"/>
      </object_component>
      <object_component id="oc-2a9">
         <name>.debug_line</name>
         <load_address>0x1cd7</load_address>
         <run_address>0x1cd7</run_address>
         <size>0x86</size>
         <input_file_ref idref="fl-e"/>
      </object_component>
      <object_component id="oc-204">
         <name>.debug_line</name>
         <load_address>0x1d5d</load_address>
         <run_address>0x1d5d</run_address>
         <size>0x87</size>
         <input_file_ref idref="fl-e"/>
      </object_component>
      <object_component id="oc-12e">
         <name>.debug_line</name>
         <load_address>0x1de4</load_address>
         <run_address>0x1de4</run_address>
         <size>0x8c</size>
         <input_file_ref idref="fl-e"/>
      </object_component>
      <object_component id="oc-20d">
         <name>.debug_line</name>
         <load_address>0x1e70</load_address>
         <run_address>0x1e70</run_address>
         <size>0xba</size>
         <input_file_ref idref="fl-e"/>
      </object_component>
      <object_component id="oc-146">
         <name>.debug_line</name>
         <load_address>0x1f2a</load_address>
         <run_address>0x1f2a</run_address>
         <size>0x95</size>
         <input_file_ref idref="fl-e"/>
      </object_component>
      <object_component id="oc-29c">
         <name>.debug_line</name>
         <load_address>0x1fbf</load_address>
         <run_address>0x1fbf</run_address>
         <size>0xbf</size>
         <input_file_ref idref="fl-e"/>
      </object_component>
      <object_component id="oc-2d9">
         <name>.debug_line</name>
         <load_address>0x207e</load_address>
         <run_address>0x207e</run_address>
         <size>0x8c</size>
         <input_file_ref idref="fl-f"/>
      </object_component>
      <object_component id="oc-26b">
         <name>.debug_line</name>
         <load_address>0x210a</load_address>
         <run_address>0x210a</run_address>
         <size>0x88</size>
         <input_file_ref idref="fl-f"/>
      </object_component>
      <object_component id="oc-329">
         <name>.debug_line</name>
         <load_address>0x2192</load_address>
         <run_address>0x2192</run_address>
         <size>0x8a</size>
         <input_file_ref idref="fl-f"/>
      </object_component>
      <object_component id="oc-277">
         <name>.debug_line</name>
         <load_address>0x221c</load_address>
         <run_address>0x221c</run_address>
         <size>0x92</size>
         <input_file_ref idref="fl-f"/>
      </object_component>
      <object_component id="oc-333">
         <name>.debug_line</name>
         <load_address>0x22ae</load_address>
         <run_address>0x22ae</run_address>
         <size>0x85</size>
         <input_file_ref idref="fl-f"/>
      </object_component>
      <object_component id="oc-315">
         <name>.debug_line</name>
         <load_address>0x2333</load_address>
         <run_address>0x2333</run_address>
         <size>0x88</size>
         <input_file_ref idref="fl-f"/>
      </object_component>
      <object_component id="oc-2eb">
         <name>.debug_line</name>
         <load_address>0x23bb</load_address>
         <run_address>0x23bb</run_address>
         <size>0x88</size>
         <input_file_ref idref="fl-f"/>
      </object_component>
      <object_component id="oc-2f1">
         <name>.debug_line</name>
         <load_address>0x2443</load_address>
         <run_address>0x2443</run_address>
         <size>0x88</size>
         <input_file_ref idref="fl-f"/>
      </object_component>
      <object_component id="oc-2f7">
         <name>.debug_line</name>
         <load_address>0x24cb</load_address>
         <run_address>0x24cb</run_address>
         <size>0x88</size>
[...]
         <unused_space>0x1000</unused_space>
         <attributes>RWIX</attributes>
         <usage_details>
         </usage_details>
      </memory_area>
      <memory_area display="yes" color="green">
         <name>FLASH_BANK1_SEC12</name>
         <page_id>0x0</page_id>
         <origin>0x9c000</origin>
         <length>0x1000</length>
         <used_space>0x0</used_space>
         <unused_space>0x1000</unused_space>
         <attributes>RWIX</attributes>
         <usage_details>
         </usage_details>
      </memory_area>
      <memory_area display="yes" color="green">
         <name>FLASH_BANK1_SEC13</name>
         <page_id>0x0</page_id>
         <origin>0x9d000</origin>
         <length>0x1000</length>
         <used_space>0x0</used_space>
         <unused_space>0x1000</unused_space>
         <attributes>RWIX</attributes>
         <usage_details>
         </usage_details>
      </memory_area>
      <memory_area display="yes" color="green">
         <name>FLASH_BANK1_SEC14</name>
         <page_id>0x0</page_id>
         <origin>0x9e000</origin>
         <length>0x1000</length>
         <used_space>0x0</used_space>
         <unused_space>0x1000</unused_space>
         <attributes>RWIX</attributes>
         <usage_details>
         </usage_details>
      </memory_area>
      <memory_area display="yes" color="green">
         <name>FLASH_BANK1_SEC15</name>
         <page_id>0x0</page_id>
         <origin>0x9f000</origin>
         <length>0x1000</length>
         <used_space>0x0</used_space>
         <unused_space>0x1000</unused_space>
         <attributes>RWIX</attributes>
         <usage_details>
         </usage_details>
      </memory_area>
      <memory_area display="yes" color="green">
         <name>FLASH_BANK2_SEC0</name>
         <page_id>0x0</page_id>
         <origin>0xa0000</origin>
         <length>0x1000</length>
         <used_space>0x0</used_space>
         <unused_space>0x1000</unused_space>
         <attributes>RWIX</attributes>
         <usage_details>
         </usage_details>
      </memory_area>
      <memory_area display="yes" color="green">
         <name>FLASH_BANK2_SEC1</name>
         <page_id>0x0</page_id>
         <origin>0xa1000</origin>
         <length>0x1000</length>
         <used_space>0x0</used_space>
         <unused_space>0x1000</unused_space>
         <attributes>RWIX</attributes>
         <usage_details>
         </usage_details>
      </memory_area>
      <memory_area display="yes" color="green">
         <name>FLASH_BANK2_SEC2</name>
         <page_id>0x0</page_id>
         <origin>0xa2000</origin>
         <length>0x1000</length>
         <used_space>0x0</used_space>
         <unused_space>0x1000</unused_space>
         <attributes>RWIX</attributes>
         <usage_details>
         </usage_details>
      </memory_area>
      <memory_area display="yes" color="green">
         <name>FLASH_BANK2_SEC3</name>
         <page_id>0x0</page_id>
         <origin>0xa3000</origin>
         <length>0x1000</length>
         <used_space>0x0</used_space>
         <unused_space>0x1000</unused_space>
         <attributes>RWIX</attributes>
         <usage_details>
         </usage_details>
      </memory_area>
      <memory_area display="yes" color="green">
         <name>FLASH_BANK2_SEC4</name>
         <page_id>0x0</page_id>
         <origin>0xa4000</origin>
         <length>0x1000</length>
         <used_space>0x0</used_space>
         <unused_space>0x1000</unused_space>
         <attributes>RWIX</attributes>
         <usage_details>
         </usage_details>
      </memory_area>
      <memory_area display="yes" color="green">
         <name>FLASH_BANK2_SEC5</name>
         <page_id>0x0</page_id>
         <origin>0xa5000</origin>
         <length>0x1000</length>
         <used_space>0x0</used_space>
         <unused_space>0x1000</unused_space>
         <attributes>RWIX</attributes>
         <usage_details>
         </usage_details>
      </memory_area>
      <memory_area display="yes" color="green">
         <name>FLASH_BANK2_SEC6</name>
         <page_id>0x0</page_id>
         <origin>0xa6000</origin>
         <length>0x1000</length>
         <used_space>0x0</used_space>
         <unused_space>0x1000</unused_space>
         <attributes>RWIX</attributes>
         <usage_details>
         </usage_details>
      </memory_area>
      <memory_area display="yes" color="green">
         <name>FLASH_BANK2_SEC7</name>
         <page_id>0x0</page_id>
         <origin>0xa7000</origin>
         <length>0x1000</length>
         <used_space>0x0</used_space>
         <unused_space>0x1000</unused_space>
         <attributes>RWIX</attributes>
         <usage_details>
         </usage_details>
      </memory_area>
      <memory_area display="yes" color="green">
         <name>FLASH_BANK2_SEC8</name>
         <page_id>0x0</page_id>
         <origin>0xa8000</origin>
         <length>0x1000</length>
         <used_space>0x0</used_space>
         <unused_space>0x1000</unused_space>
         <attributes>RWIX</attributes>
         <usage_details>
         </usage_details>
      </memory_area>
      <memory_area display="yes" color="green">
         <name>FLASH_BANK2_SEC9</name>
         <page_id>0x0</page_id>
         <origin>0xa9000</origin>
         <length>0x1000</length>
         <used_space>0x0</used_space>
         <unused_space>0x1000</unused_space>
         <attributes>RWIX</attributes>
         <usage_details>
         </usage_details>
      </memory_area>
      <memory_area display="yes" color="green">
         <name>FLASH_BANK2_SEC10</name>
         <page_id>0x0</page_id>
         <origin>0xaa000</origin>
         <length>0x1000</length>
         <used_space>0x0</used_space>
         <unused_space>0x1000</unused_space>
         <attributes>RWIX</attributes>
         <usage_details>
         </usage_details>
      </memory_area>
      <memory_area display="yes" color="green">
         <name>FLASH_BANK2_SEC11</name>
         <page_id>0x0</page_id>
         <origin>0xab000</origin>
         <length>0x1000</length>
         <used_space>0x0</used_space>
         <unused_space>0x1000</unused_space>
         <attributes>RWIX</attributes>
         <usage_details>
         </usage_details>
      </memory_area>
      <memory_area display="yes" color="green">
         <name>FLASH_BANK2_SEC12</name>
         <page_id>0x0</page_id>
         <origin>0xac000</origin>
         <length>0x1000</length>
         <used_space>0x0</used_space>
         <unused_space>0x1000</unused_space>
         <attributes>RWIX</attributes>
         <usage_details>
         </usage_details>
      </memory_area>
      <memory_area display="yes" color="green">
         <name>FLASH_BANK2_SEC13</name>
         <page_id>0x0</page_id>
         <origin>0xad000</origin>
         <length>0x1000</length>
         <used_space>0x0</used_space>
         <unused_space>0x1000</unused_space>
         <attributes>RWIX</attributes>
         <usage_details>
         </usage_details>
      </memory_area>
      <memory_area display="yes" color="green">
         <name>FLASH_BANK2_SEC14</name>
         <page_id>0x0</page_id>
         <origin>0xae000</origin>
         <length>0x1000</length>
         <used_space>0x0</used_space>
         <unused_space>0x1000</unused_space>
         <attributes>RWIX</attributes>
         <usage_details>
         </usage_details>
      </memory_area>
      <memory_area display="yes" color="green">
         <name>FLASH_BANK2_SEC15</name>
         <page_id>0x0</page_id>
         <origin>0xaf000</origin>
         <length>0x1000</length>
         <used_space>0x0</used_space>
         <unused_space>0x1000</unused_space>
         <attributes>RWIX</attributes>
         <usage_details>
         </usage_details>
      </memory_area>
      <memory_area display="yes" color="green">
         <name>SECURE_ROM</name>
         <page_id>0x0</page_id>
         <origin>0x3f2000</origin>
         <length>0x6000</length>
         <used_space>0x0</used_space>
         <unused_space>0x6000</unused_space>
         <attributes>RWIX</attributes>
         <usage_details>
         </usage_details>
      </memory_area>
      <memory_area display="yes" color="green">
         <name>BOOTROM</name>
         <page_id>0x0</page_id>
         <origin>0x3f8000</origin>
         <length>0x7fc0</length>
         <used_space>0x0</used_space>
         <unused_space>0x7fc0</unused_space>
         <attributes>RWIX</attributes>
         <usage_details>
         </usage_details>
      </memory_area>
      <memory_area display="no" color="green">
         <name>RESET</name>
         <page_id>0x0</page_id>
         <origin>0x3fffc0</origin>
         <length>0x2</length>
         <used_space>0x0</used_space>
         <unused_space>0x2</unused_space>
         <attributes>RWIX</attributes>
         <usage_details>
         </usage_details>
      </memory_area>
   </placement_map>
   <cptbl_list>
      <cptbl>
         <name>__TI_cinit_table</name>
         <cprec>
            <name>.data</name>
            <load_address>0x81130</load_address>
            <load_size>0x51</load_size>
            <run_address>0xa800</run_address>
            <run_size>0x50</run_size>
            <compression>lzss</compression>
         </cprec>
      </cptbl>
   </cptbl_list>
   <handler_table>
      <handler_table_name>__TI_handler_table</handler_table_name>
      <handler>
         <index>0x0</index>
         <name>__TI_decompress_lzss</name>
      </handler>
      <handler>
         <index>0x1</index>
         <name>__TI_decompress_none</name>
      </handler>
   </handler_table>
   <symbol_table>
      <symbol id="sm-1">
         <name>RamfuncsLoadStart</name>
         <value>0x81000</value>
      </symbol>
      <symbol id="sm-2">
         <name>RamfuncsLoadSize</name>
         <value>0x12e</value>
      </symbol>
      <symbol id="sm-3">
         <name>RamfuncsLoadEnd</name>
         <value>0x8112e</value>
      </symbol>
      <symbol id="sm-4">
         <name>RamfuncsRunStart</name>
         <value>0x8000</value>
      </symbol>
      <symbol id="sm-5">
         <name>RamfuncsRunSize</name>
         <value>0x12e</value>
      </symbol>
      <symbol id="sm-6">
         <name>RamfuncsRunEnd</name>
         <value>0x812e</value>
      </symbol>
      <symbol id="sm-7">
         <name>__TI_CINIT_Base</name>
         <value>0x81186</value>
      </symbol>
      <symbol id="sm-8">
         <name>__TI_CINIT_Limit</name>
         <value>0x8118a</value>
      </symbol>
      <symbol id="sm-9">
         <name>__TI_CINIT_Warm</name>
         <value>0x8118a</value>
      </symbol>
      <symbol id="sm-a">
         <name>__TI_Handler_Table_Base</name>
         <value>0x81182</value>
      </symbol>
      <symbol id="sm-b">
         <name>__TI_Handler_Table_Limit</name>
         <value>0x81186</value>
      </symbol>
      <symbol id="sm-c">
         <name>__TI_STACK_SIZE</name>
         <value>0x200</value>
      </symbol>
      <symbol id="sm-d">
         <name>__TI_STACK_END</name>
         <value>0x600</value>
      </symbol>
      <symbol id="sm-e">
         <name>__TI_pprof_out_hndl</name>
         <value>0xffffffff</value>
      </symbol>
      <symbol id="sm-f">
         <name>__TI_prof_data_start</name>
         <value>0xffffffff</value>
      </symbol>
      <symbol id="sm-10">
         <name>__TI_prof_data_size</name>
         <value>0xffffffff</value>
      </symbol>
      <symbol id="sm-ba">
         <name>main</name>
         <value>0x82221</value>
         <object_component_ref idref="oc-d2"/>
      </symbol>
      <symbol id="sm-bb">
         <name>samples_target</name>
         <value>0xa844</value>
         <object_component_ref idref="oc-16b"/>
      </symbol>
      <symbol id="sm-bc">
         <name>sample_count</name>
         <value>0xa842</value>
         <object_component_ref idref="oc-16b"/>
      </symbol>
      <symbol id="sm-bd">
         <name>test_enabled</name>
         <value>0xa840</value>
         <object_component_ref idref="oc-16b"/>
      </symbol>
      <symbol id="sm-10c">
         <name>Device_enableAllPeripherals</name>
         <value>0x82308</value>
         <object_component_ref idref="oc-1b3"/>
      </symbol>
      <symbol id="sm-10d">
         <name>Device_initGPIO</name>
         <value>0x82cfb</value>
         <object_component_ref idref="oc-100"/>
      </symbol>
      <symbol id="sm-10e">
         <name>Device_init</name>
         <value>0x825f2</value>
         <object_component_ref idref="oc-fa"/>
      </symbol>
      <symbol id="sm-10f">
         <name>__error__</name>
         <value>0x82da2</value>
         <object_component_ref idref="oc-1a7"/>
      </symbol>
      <symbol id="sm-11e">
         <name>code_start</name>
         <value>0x80000</value>
         <object_component_ref idref="oc-22"/>
      </symbol>
      <symbol id="sm-18f">
         <name>Flash_initModule</name>
         <value>0x8000</value>
         <object_component_ref idref="oc-18e"/>
      </symbol>
      <symbol id="sm-1d7">
         <name>GPIO_setQualificationMode</name>
         <value>0x82894</value>
         <object_component_ref idref="oc-118"/>
      </symbol>
      <symbol id="sm-1d8">
         <name>GPIO_setPadConfig</name>
         <value>0x825a0</value>
         <object_component_ref idref="oc-112"/>
      </symbol>
      <symbol id="sm-1d9">
         <name>GPIO_setAnalogMode</name>
         <value>0x824d1</value>
         <object_component_ref idref="oc-1bf"/>
      </symbol>
      <symbol id="sm-1da">
         <name>GPIO_setDirectionMode</name>
         <value>0x828cb</value>
         <object_component_ref idref="oc-10c"/>
      </symbol>
      <symbol id="sm-1db">
         <name>GPIO_setPinConfig</name>
         <value>0x8285d</value>
         <object_component_ref idref="oc-106"/>
      </symbol>
      <symbol id="sm-215">
         <name>Interrupt_defaultHandler</name>
         <value>0x82bce</value>
         <object_component_ref idref="oc-2d"/>
      </symbol>
      <symbol id="sm-216">
         <name>Interrupt_initModule</name>
         <value>0x82820</value>
         <object_component_ref idref="oc-11e"/>
      </symbol>
      <symbol id="sm-217">
         <name>Interrupt_nmiHandler</name>
         <value>0x82d71</value>
         <object_component_ref idref="oc-3f"/>
      </symbol>
      <symbol id="sm-218">
         <name>Interrupt_initVectorTable</name>
         <value>0x82a23</value>
         <object_component_ref idref="oc-2e"/>
      </symbol>
      <symbol id="sm-219">
         <name>Interrupt_illegalOperationHandler</name>
         <value>0x82d67</value>
         <object_component_ref idref="oc-39"/>
      </symbol>
      <symbol id="sm-28a">
         <name>SCI_clearInterruptStatus</name>
         <value>0x826d6</value>
         <object_component_ref idref="oc-142"/>
      </symbol>
      <symbol id="sm-28b">
         <name>SCI_writeCharArray</name>
         <value>0x82760</value>
         <object_component_ref idref="oc-209"/>
      </symbol>
      <symbol id="sm-28c">
         <name>SCI_setConfig</name>
         <value>0x827e2</value>
         <object_component_ref idref="oc-12a"/>
      </symbol>
      <symbol id="sm-39e">
         <name>SysCtl_isPLLValid</name>
         <value>0x82123</value>
         <object_component_ref idref="oc-279"/>
      </symbol>
      <symbol id="sm-39f">
         <name>SysCtl_delay</name>
         <value>0x812a</value>
         <object_component_ref idref="oc-161"/>
      </symbol>
      <symbol id="sm-3a0">
         <name>SysCtl_selectXTALSingleEnded</name>
         <value>0x8297e</value>
         <object_component_ref idref="oc-2c8"/>
      </symbol>
      <symbol id="sm-3a1">
         <name>SysCtl_selectXTAL</name>
         <value>0x82690</value>
         <object_component_ref idref="oc-2c2"/>
      </symbol>
      <symbol id="sm-3a2">
         <name>SysCtl_selectOscSource</name>
         <value>0x82643</value>
         <object_component_ref idref="oc-26d"/>
      </symbol>
      <symbol id="sm-3a3">
         <name>SysCtl_getLowSpeedClock</name>
         <value>0x82ab0</value>
         <object_component_ref idref="oc-1ad"/>
      </symbol>
      <symbol id="sm-3a4">
         <name>SysCtl_setClock</name>
         <value>0x82000</value>
         <object_component_ref idref="oc-194"/>
      </symbol>
      <symbol id="sm-3a5">
         <name>SysCtl_getClock</name>
         <value>0x8253b</value>
         <object_component_ref idref="oc-1a0"/>
      </symbol>
      <symbol id="sm-3af">
         <name>_c_int00</name>
         <value>0x82ba1</value>
         <object_component_ref idref="oc-78"/>
      </symbol>
      <symbol id="sm-3b0">
         <name>__stack</name>
         <value>0x400</value>
         <object_component_ref idref="oc-45"/>
      </symbol>
      <symbol id="sm-3bd">
         <name>__c28xabi_divf</name>
         <value>0x823d6</value>
         <object_component_ref idref="oc-2d0"/>
      </symbol>
      <symbol id="sm-3cf">
         <name>memcpy</name>
         <value>0x82a5e</value>
         <object_component_ref idref="oc-48"/>
      </symbol>
      <symbol id="sm-3dc">
         <name>_system_pre_init</name>
         <value>0x82da9</value>
         <object_component_ref idref="oc-89"/>
      </symbol>
      <symbol id="sm-3eb">
         <name>__TI_auto_init_nobinit_nopinit</name>
         <value>0x8292a</value>
         <object_component_ref idref="oc-a2"/>
      </symbol>
      <symbol id="sm-3f9">
         <name>__TI_decompress_none</name>
         <value>0x82d84</value>
         <object_component_ref idref="oc-1b"/>
      </symbol>
      <symbol id="sm-40d">
         <name>__TI_decompress_lzss</name>
         <value>0x828fc</value>
         <object_component_ref idref="oc-15"/>
      </symbol>
      <symbol id="sm-423">
         <name>C$$EXIT</name>
         <value>0x82955</value>
         <object_component_ref idref="oc-96"/>
      </symbol>
      <symbol id="sm-424">
         <name>abort</name>
         <value>0x82955</value>
         <object_component_ref idref="oc-96"/>
      </symbol>
      <symbol id="sm-425">
         <name>exit</name>
         <value>0x82957</value>
         <object_component_ref idref="oc-96"/>
      </symbol>
      <symbol id="sm-426">
         <name>__TI_dtors_ptr</name>
         <value>0xa84a</value>
         <object_component_ref idref="oc-da"/>
      </symbol>
      <symbol id="sm-427">
         <name>__TI_cleanup_ptr</name>
         <value>0xa848</value>
         <object_component_ref idref="oc-da"/>
      </symbol>
      <symbol id="sm-428">
         <name>__TI_enable_exit_profile_output</name>
         <value>0xa846</value>
         <object_component_ref idref="oc-da"/>
      </symbol>
      <symbol id="sm-43f">
         <name>_nop</name>
         <value>0x82d83</value>
         <object_component_ref idref="oc-175"/>
      </symbol>
      <symbol id="sm-440">
         <name>_lock</name>
         <value>0xa84c</value>
         <object_component_ref idref="oc-dd"/>
      </symbol>
      <symbol id="sm-441">
         <name>_unlock</name>
         <value>0xa84e</value>
         <object_component_ref idref="oc-219"/>
      </symbol>
      <symbol id="sm-442">
         <name>_register_lock</name>
         <value>0x82d7f</value>
         <object_component_ref idref="oc-175"/>
      </symbol>
      <symbol id="sm-443">
         <name>_register_unlock</name>
         <value>0x82d7b</value>
         <object_component_ref idref="oc-175"/>
      </symbol>
      <symbol id="sm-452">
         <name>_args_main</name>
         <value>0x82d45</value>
         <object_component_ref idref="oc-90"/>
      </symbol>
      <symbol id="sm-461">
         <name>_system_post_cinit</name>
         <value>0x82dab</value>
         <object_component_ref idref="oc-e5"/>
      </symbol>
      <symbol id="sm-463">
         <name>__c_args__</name>
         <value>0x0</value>
      </symbol>
   </symbol_table>
   <title>Link successful</title>
</link_info>
